Summary of SPARK analysis
=========================

-----------------------------------------------------------------------------------------------------------------------
SPARK Analysis results        Total         Flow   CodePeer                              Provers   Justified   Unproved
-----------------------------------------------------------------------------------------------------------------------
Data Dependencies                97           97          .                                    .           .          .
Flow Dependencies                 .            .          .                                    .           .          .
Initialization                  187          187          .                                    .           .          .
Non-Aliasing                      .            .          .                                    .           .          .
Run-time Checks                 656            .          .                           655 (CVC4)           .          1
Assertions                      227            .          .    225 (CVC4 94%, Trivial 2%, Z3 4%)           .          2
Functional Contracts             64            .          .     61 (CVC4 91%, Trivial 8%, Z3 1%)           3          .
LSP Verification                  .            .          .                                    .           .          .
Termination                       .            .          .                                    .           .          .
Concurrency                       .            .          .                                    .           .          .
-----------------------------------------------------------------------------------------------------------------------
Total                          1231    284 (23%)          .                            941 (76%)      3 (0%)     3 (0%)


max steps used for successful proof: 14007

Analyzed 14 units
in unit random, 0 subprograms and packages out of 2 analyzed
  Random at random.ads:2 skipped
  Random.Random_Byte at random.ads:10 skipped
in unit sparknacl, 24 subprograms and packages out of 27 analyzed
  SPARKNaCl at sparknacl.ads:35 flow analyzed (0 errors, 0 checks and 0 warnings) and proved (4 checks)
  SPARKNaCl.ASR_16 at sparknacl.ads:353 flow analyzed (0 errors, 0 checks and 0 warnings) and proved (3 checks)
   suppressed messages:
    sparknacl.ads:355:35: From definition of arithmetic shift right
  SPARKNaCl.ASR_4 at sparknacl.ads:377 flow analyzed (0 errors, 0 checks and 0 warnings) and proved (3 checks)
   suppressed messages:
    sparknacl.ads:379:35: From definition of arithmetic shift right
  SPARKNaCl.ASR_8 at sparknacl.ads:365 flow analyzed (0 errors, 0 checks and 0 warnings) and proved (3 checks)
   suppressed messages:
    sparknacl.ads:367:35: From definition of arithmetic shift right
  SPARKNaCl.Difference_GFPredicate at sparknacl.ads:270 flow analyzed (0 errors, 0 checks and 0 warnings) and proved (0 checks)
  SPARKNaCl.Equal at sparknacl.ads:91 flow analyzed (0 errors, 0 checks and 0 warnings) and proved (10 checks)
  SPARKNaCl.Nearlynormal_GFPredicate at sparknacl.ads:327 flow analyzed (0 errors, 0 checks and 0 warnings) and proved (0 checks)
  SPARKNaCl.Normal_GFPredicate at sparknacl.ads:239 flow analyzed (0 errors, 0 checks and 0 warnings) and proved (0 checks)
  SPARKNaCl.Oadd at sparknacl.ads:390 flow analyzed (0 errors, 0 checks and 0 warnings) and proved (8 checks)
  SPARKNaCl.Oeq at sparknacl.ads:59 skipped
  SPARKNaCl.Omultiply at sparknacl.ads:396 flow analyzed (0 errors, 0 checks and 0 warnings) and proved (43 checks)
   suppressed messages:
    sparknacl.adb:179:7: 
  SPARKNaCl.Osubtract at sparknacl.ads:393 flow analyzed (0 errors, 0 checks and 0 warnings) and proved (9 checks)
  SPARKNaCl.Product_GFPredicate at sparknacl.ads:287 flow analyzed (0 errors, 0 checks and 0 warnings) and proved (0 checks)
  SPARKNaCl.Random_Bytes at sparknacl.ads:103 flow analyzed (0 errors, 0 checks and 0 warnings) and proved (0 checks)
  SPARKNaCl.Sanitize at sparknacl.ads:117 flow analyzed (0 errors, 0 checks and 0 warnings) and proved (1 checks)
  SPARKNaCl.Sanitize_Boolean at sparknacl.ads:421 flow analyzed (0 errors, 0 checks and 0 warnings) and proved (0 checks)
  SPARKNaCl.Sanitize_GF at sparknacl.ads:408 flow analyzed (0 errors, 0 checks and 0 warnings) and proved (1 checks)
  SPARKNaCl.Sanitize_GF_PA at sparknacl.ads:413 flow analyzed (0 errors, 0 checks and 0 warnings) and proved (0 checks)
  SPARKNaCl.Sanitize_I64_Seq at sparknacl.ads:417 flow analyzed (0 errors, 0 checks and 0 warnings) and proved (1 checks)
  SPARKNaCl.Sanitize_U64 at sparknacl.ads:404 flow analyzed (0 errors, 0 checks and 0 warnings) and proved (0 checks)
  SPARKNaCl.Seminormal_GFPredicate at sparknacl.ads:311 flow analyzed (0 errors, 0 checks and 0 warnings) and proved (0 checks)
  SPARKNaCl.Square at sparknacl.ads:399 flow analyzed (0 errors, 0 checks and 0 warnings) and proved (0 checks)
  SPARKNaCl.Sum_GFPredicate at sparknacl.ads:250 flow analyzed (0 errors, 0 checks and 0 warnings) and proved (0 checks)
  SPARKNaCl.to_i64GP13565 at sparknacl.ads:348 flow analyzed (0 errors, 0 checks and 0 warnings) and proved (0 checks)
  SPARKNaCl.to_i64GP13565.To_I64 at sparknacl.ads:348 skipped
  SPARKNaCl.to_u64GP13502 at sparknacl.ads:347 flow analyzed (0 errors, 0 checks and 0 warnings) and proved (0 checks)
  SPARKNaCl.to_u64GP13502.To_U64 at sparknacl.ads:347 skipped
in unit sparknacl-car, 12 subprograms and packages out of 12 analyzed
  SPARKNaCl.Car at sparknacl-car.ads:1 flow analyzed (0 errors, 0 checks and 0 warnings) and proved (0 checks)
  SPARKNaCl.Car.Difference_To_Nearlynormal at sparknacl-car.ads:35 flow analyzed (0 errors, 0 checks and 0 warnings) and proved (22 checks)
  SPARKNaCl.Car.Nearlynormal_To_Normal at sparknacl-car.ads:41 flow analyzed (0 errors, 0 checks and 0 warnings) and not proved, 50 checks out of 52 proved
  SPARKNaCl.Car.Nearlynormal_To_Normal.Carrying_Minus_One at sparknacl-car.adb:258 flow analyzed (0 errors, 0 checks and 0 warnings) and proved (4 checks)
  SPARKNaCl.Car.Nearlynormal_To_Normal.Carrying_Plus_One at sparknacl-car.adb:243 flow analyzed (0 errors, 0 checks and 0 warnings) and proved (4 checks)
  SPARKNaCl.Car.Nearlynormal_To_Normal.Temp_GFPredicate at sparknacl-car.adb:234 flow analyzed (0 errors, 0 checks and 0 warnings) and proved (0 checks)
  SPARKNaCl.Car.Product_To_Seminormal at sparknacl-car.ads:17 flow analyzed (0 errors, 0 checks and 0 warnings) and proved (32 checks)
  SPARKNaCl.Car.Product_To_Seminormal.Temp_GFPredicate at sparknacl-car.adb:32 flow analyzed (0 errors, 0 checks and 0 warnings) and proved (0 checks)
  SPARKNaCl.Car.Seminormal_To_Nearlynormal at sparknacl-car.ads:23 flow analyzed (0 errors, 0 checks and 0 warnings) and proved (33 checks)
  SPARKNaCl.Car.Seminormal_To_Nearlynormal.Temp_GFPredicate at sparknacl-car.adb:93 flow analyzed (0 errors, 0 checks and 0 warnings) and proved (0 checks)
  SPARKNaCl.Car.Sum_To_Nearlynormal at sparknacl-car.ads:29 flow analyzed (0 errors, 0 checks and 0 warnings) and proved (33 checks)
  SPARKNaCl.Car.Sum_To_Nearlynormal.Temp_GFPredicate at sparknacl-car.adb:144 flow analyzed (0 errors, 0 checks and 0 warnings) and proved (0 checks)
in unit sparknacl-core, 11 subprograms and packages out of 11 analyzed
  SPARKNaCl.Core at sparknacl-core.ads:1 flow analyzed (0 errors, 0 checks and 0 warnings) and proved (0 checks)
  SPARKNaCl.Core.Construct at sparknacl-core.ads:8 flow analyzed (0 errors, 0 checks and 0 warnings) and proved (0 checks)
  SPARKNaCl.Core.Construct at sparknacl-core.ads:11 flow analyzed (0 errors, 0 checks and 0 warnings) and proved (0 checks)
  SPARKNaCl.Core.Core_Common at sparknacl-core.adb:23 flow analyzed (0 errors, 0 checks and 0 warnings) and proved (24 checks)
  SPARKNaCl.Core.HSalsa20 at sparknacl-core.ads:31 flow analyzed (0 errors, 0 checks and 0 warnings) and proved (8 checks)
  SPARKNaCl.Core.LD32 at sparknacl-core.adb:18 flow analyzed (0 errors, 0 checks and 0 warnings) and proved (0 checks)
  SPARKNaCl.Core.ST32 at sparknacl-core.adb:14 flow analyzed (0 errors, 0 checks and 0 warnings) and proved (2 checks)
  SPARKNaCl.Core.Salsa20 at sparknacl-core.ads:25 flow analyzed (0 errors, 0 checks and 0 warnings) and proved (2 checks)
  SPARKNaCl.Core.Salsa20_Key at sparknacl-core.ads:6 flow analyzed (0 errors, 0 checks and 0 warnings) and proved (0 checks)
  SPARKNaCl.Core.Sanitize at sparknacl-core.ads:18 flow analyzed (0 errors, 0 checks and 0 warnings) and proved (0 checks)
  SPARKNaCl.Core.Serialize at sparknacl-core.ads:15 flow analyzed (0 errors, 0 checks and 0 warnings) and proved (0 checks)
in unit sparknacl-cryptobox, 15 subprograms and packages out of 15 analyzed
  SPARKNaCl.Cryptobox at sparknacl-cryptobox.ads:3 flow analyzed (0 errors, 0 checks and 0 warnings) and proved (0 checks)
  SPARKNaCl.Cryptobox.AfterNM at sparknacl-cryptobox.ads:50 flow analyzed (0 errors, 0 checks and 0 warnings) and proved (6 checks)
  SPARKNaCl.Cryptobox.BeforeNM at sparknacl-cryptobox.ads:43 flow analyzed (0 errors, 0 checks and 0 warnings) and proved (0 checks)
   suppressed messages:
    sparknacl-cryptobox.adb:71:7: 
    sparknacl-cryptobox.adb:72:7: 
  SPARKNaCl.Cryptobox.Construct at sparknacl-cryptobox.ads:23 flow analyzed (0 errors, 0 checks and 0 warnings) and proved (0 checks)
  SPARKNaCl.Cryptobox.Construct at sparknacl-cryptobox.ads:26 flow analyzed (0 errors, 0 checks and 0 warnings) and proved (0 checks)
  SPARKNaCl.Cryptobox.Create at sparknacl-cryptobox.ads:79 flow analyzed (0 errors, 0 checks and 0 warnings) and proved (6 checks)
   suppressed messages:
    sparknacl-cryptobox.adb:108:11: 
  SPARKNaCl.Cryptobox.Keypair at sparknacl-cryptobox.ads:19 flow analyzed (0 errors, 0 checks and 0 warnings) and proved (0 checks)
   suppressed messages:
    sparknacl-cryptobox.adb:17:7: 
  SPARKNaCl.Cryptobox.Open at sparknacl-cryptobox.ads:95 flow analyzed (0 errors, 0 checks and 0 warnings) and proved (6 checks)
   suppressed messages:
    sparknacl-cryptobox.adb:123:11: 
  SPARKNaCl.Cryptobox.Open_AfterNM at sparknacl-cryptobox.ads:64 flow analyzed (0 errors, 0 checks and 0 warnings) and proved (6 checks)
  SPARKNaCl.Cryptobox.Public_Key at sparknacl-cryptobox.ads:13 flow analyzed (0 errors, 0 checks and 0 warnings) and proved (0 checks)
  SPARKNaCl.Cryptobox.Sanitize at sparknacl-cryptobox.ads:36 flow analyzed (0 errors, 0 checks and 0 warnings) and proved (0 checks)
  SPARKNaCl.Cryptobox.Sanitize at sparknacl-cryptobox.ads:39 flow analyzed (0 errors, 0 checks and 0 warnings) and proved (0 checks)
  SPARKNaCl.Cryptobox.Secret_Key at sparknacl-cryptobox.ads:12 flow analyzed (0 errors, 0 checks and 0 warnings) and proved (0 checks)
  SPARKNaCl.Cryptobox.Serialize at sparknacl-cryptobox.ads:29 flow analyzed (0 errors, 0 checks and 0 warnings) and proved (0 checks)
  SPARKNaCl.Cryptobox.Serialize at sparknacl-cryptobox.ads:32 flow analyzed (0 errors, 0 checks and 0 warnings) and proved (0 checks)
in unit sparknacl-debug, 0 subprograms and packages out of 5 analyzed
  SPARKNaCl.Debug at sparknacl-debug.ads:1 skipped
  SPARKNaCl.Debug.DH at sparknacl-debug.ads:4 skipped
  SPARKNaCl.Debug.DH at sparknacl-debug.ads:5 skipped
  SPARKNaCl.Debug.DH at sparknacl-debug.ads:7 skipped
  SPARKNaCl.Debug.DHH at sparknacl-debug.ads:9 skipped
in unit sparknacl-hashing, 12 subprograms and packages out of 12 analyzed
  SPARKNaCl.Hashing at sparknacl-hashing.ads:1 flow analyzed (0 errors, 0 checks and 0 warnings) and proved (0 checks)
  SPARKNaCl.Hashing.Hash at sparknacl-hashing.ads:16 flow analyzed (0 errors, 0 checks and 0 warnings) and proved (12 checks)
  SPARKNaCl.Hashing.Hash at sparknacl-hashing.ads:21 flow analyzed (0 errors, 0 checks and 0 warnings) and proved (0 checks)
  SPARKNaCl.Hashing.Hashblocks at sparknacl-hashing.ads:10 flow analyzed (0 errors, 0 checks and 0 warnings) and proved (91 checks)
  SPARKNaCl.Hashing.Hashblocks.Ch at sparknacl-hashing.adb:78 flow analyzed (0 errors, 0 checks and 0 warnings) and proved (0 checks)
  SPARKNaCl.Hashing.Hashblocks.DL64 at sparknacl-hashing.adb:106 flow analyzed (0 errors, 0 checks and 0 warnings) and proved (0 checks)
  SPARKNaCl.Hashing.Hashblocks.LC_Sigma0 at sparknacl-hashing.adb:97 flow analyzed (0 errors, 0 checks and 0 warnings) and proved (0 checks)
  SPARKNaCl.Hashing.Hashblocks.LC_Sigma1 at sparknacl-hashing.adb:102 flow analyzed (0 errors, 0 checks and 0 warnings) and proved (0 checks)
  SPARKNaCl.Hashing.Hashblocks.Maj at sparknacl-hashing.adb:82 flow analyzed (0 errors, 0 checks and 0 warnings) and proved (0 checks)
  SPARKNaCl.Hashing.Hashblocks.UC_Sigma0 at sparknacl-hashing.adb:87 flow analyzed (0 errors, 0 checks and 0 warnings) and proved (0 checks)
  SPARKNaCl.Hashing.Hashblocks.UC_Sigma1 at sparknacl-hashing.adb:92 flow analyzed (0 errors, 0 checks and 0 warnings) and proved (0 checks)
  SPARKNaCl.Hashing.TS64 at sparknacl-hashing.adb:49 flow analyzed (0 errors, 0 checks and 0 warnings) and proved (2 checks)
in unit sparknacl-mac, 9 subprograms and packages out of 9 analyzed
  SPARKNaCl.MAC at sparknacl-mac.ads:1 flow analyzed (0 errors, 0 checks and 0 warnings) and proved (0 checks)
  SPARKNaCl.MAC.Construct at sparknacl-mac.ads:8 flow analyzed (0 errors, 0 checks and 0 warnings) and proved (0 checks)
  SPARKNaCl.MAC.Construct at sparknacl-mac.ads:11 flow analyzed (0 errors, 0 checks and 0 warnings) and proved (0 checks)
  SPARKNaCl.MAC.Onetimeauth at sparknacl-mac.ads:25 flow analyzed (0 errors, 0 checks and 0 warnings) and proved (16 checks)
  SPARKNaCl.MAC.Onetimeauth.Add_1305 at sparknacl-mac.adb:45 flow analyzed (0 errors, 0 checks and 0 warnings) and proved (0 checks)
  SPARKNaCl.MAC.Onetimeauth_Verify at sparknacl-mac.ads:31 flow analyzed (0 errors, 0 checks and 0 warnings) and proved (2 checks)
  SPARKNaCl.MAC.Poly_1305_Key at sparknacl-mac.ads:6 flow analyzed (0 errors, 0 checks and 0 warnings) and proved (0 checks)
  SPARKNaCl.MAC.Sanitize at sparknacl-mac.ads:18 flow analyzed (0 errors, 0 checks and 0 warnings) and proved (0 checks)
  SPARKNaCl.MAC.Serialize at sparknacl-mac.ads:15 flow analyzed (0 errors, 0 checks and 0 warnings) and proved (0 checks)
in unit sparknacl-pdebug, 0 subprograms and packages out of 8 analyzed
  SPARKNaCl.PDebug at sparknacl-pdebug.ads:1 skipped
  SPARKNaCl.PDebug.DH at sparknacl-pdebug.ads:5 skipped
  SPARKNaCl.PDebug.I64IO.Get at a-tiinio.ads:51, instantiated at sparknacl-pdebug.adb:6 skipped
  SPARKNaCl.PDebug.I64IO.Get at a-tiinio.ads:59, instantiated at sparknacl-pdebug.adb:6 skipped
  SPARKNaCl.PDebug.I64IO.Get at a-tiinio.ads:90, instantiated at sparknacl-pdebug.adb:6 skipped
  SPARKNaCl.PDebug.I64IO.Put at a-tiinio.ads:68, instantiated at sparknacl-pdebug.adb:6 skipped
  SPARKNaCl.PDebug.I64IO.Put at a-tiinio.ads:80, instantiated at sparknacl-pdebug.adb:6 skipped
  SPARKNaCl.PDebug.I64IO.Put at a-tiinio.ads:97, instantiated at sparknacl-pdebug.adb:6 skipped
in unit sparknacl-scalar, 3 subprograms and packages out of 3 analyzed
  SPARKNaCl.Scalar at sparknacl-scalar.ads:1 flow analyzed (0 errors, 0 checks and 0 warnings) and proved (2 checks)
  SPARKNaCl.Scalar.Mult at sparknacl-scalar.ads:8 flow analyzed (0 errors, 0 checks and 0 warnings) and proved (35 checks)
   suppressed messages:
    sparknacl-scalar.adb:80:7: 
    sparknacl-scalar.adb:81:7: 
    sparknacl-scalar.adb:82:7: 
    sparknacl-scalar.adb:83:7: 
    sparknacl-scalar.adb:84:7: 
    sparknacl-scalar.adb:85:7: 
    sparknacl-scalar.adb:86:7: 
    sparknacl-scalar.adb:87:7: 
    sparknacl-scalar.adb:88:7: 
    sparknacl-scalar.adb:89:7: 
    sparknacl-scalar.adb:90:7: 
    sparknacl-scalar.adb:91:7: 
    sparknacl-scalar.adb:92:7: 
  SPARKNaCl.Scalar.Mult_Base at sparknacl-scalar.ads:12 flow analyzed (0 errors, 0 checks and 0 warnings) and proved (0 checks)
in unit sparknacl-secretbox, 3 subprograms and packages out of 3 analyzed
  SPARKNaCl.Secretbox at sparknacl-secretbox.ads:3 flow analyzed (0 errors, 0 checks and 0 warnings) and proved (0 checks)
  SPARKNaCl.Secretbox.Create at sparknacl-secretbox.ads:12 flow analyzed (0 errors, 0 checks and 0 warnings) and proved (15 checks)
  SPARKNaCl.Secretbox.Open at sparknacl-secretbox.ads:26 flow analyzed (0 errors, 0 checks and 0 warnings) and proved (17 checks)
in unit sparknacl-sign, 28 subprograms and packages out of 28 analyzed
  SPARKNaCl.Sign at sparknacl-sign.ads:1 flow analyzed (0 errors, 0 checks and 0 warnings) and proved (12 checks)
  SPARKNaCl.Sign.Hash_Reduce at sparknacl-sign.adb:81 flow analyzed (0 errors, 0 checks and 0 warnings) and proved (6 checks)
  SPARKNaCl.Sign.Keypair at sparknacl-sign.ads:13 flow analyzed (0 errors, 0 checks and 0 warnings) and proved (0 checks)
   suppressed messages:
    sparknacl-sign.adb:834:7: 
  SPARKNaCl.Sign.Keypair_From_Bytes at sparknacl-sign.ads:17 flow analyzed (0 errors, 0 checks and 0 warnings) and proved (3 checks)
   suppressed messages:
    sparknacl-sign.adb:818:7: 
    sparknacl-sign.adb:819:7: 
  SPARKNaCl.Sign.ModL at sparknacl-sign.ads:43 flow analyzed (0 errors, 0 checks and 0 warnings) and proved (4 checks)
   suppressed messages:
    sparknacl-sign.adb:667:7: 
  SPARKNaCl.Sign.ModL.Eliminate_Limb_63 at sparknacl-sign.adb:259 flow analyzed (0 errors, 0 checks and 0 warnings) and proved (38 checks)
  SPARKNaCl.Sign.ModL.Eliminate_Limbs_62_To_32 at sparknacl-sign.adb:276 flow analyzed (0 errors, 0 checks and 0 warnings) and proved (109 checks)
  SPARKNaCl.Sign.ModL.Finalize at sparknacl-sign.adb:295 flow analyzed (0 errors, 0 checks and 0 warnings) and proved (54 checks)
  SPARKNaCl.Sign.ModL.Initialize_XL at sparknacl-sign.adb:251 flow analyzed (0 errors, 0 checks and 0 warnings) and proved (9 checks)
  SPARKNaCl.Sign.Oadd at sparknacl-sign.adb:60 flow analyzed (0 errors, 0 checks and 0 warnings) and proved (18 checks)
  SPARKNaCl.Sign.Open at sparknacl-sign.ads:62 flow analyzed (0 errors, 0 checks and 0 warnings) and proved (14 checks)
   suppressed messages:
    sparknacl-sign.adb:1004:10: 
    sparknacl-sign.adb:1019:10: 
    sparknacl-sign.adb:1020:10: 
    sparknacl-sign.adb:1021:10: 
    sparknacl-sign.adb:1031:7: 
    sparknacl-sign.adb:1032:7: 
    sparknacl-sign.adb:1033:7: 
  SPARKNaCl.Sign.PK_From_Bytes at sparknacl-sign.ads:22 flow analyzed (0 errors, 0 checks and 0 warnings) and proved (0 checks)
  SPARKNaCl.Sign.Pack at sparknacl-sign.adb:71 flow analyzed (0 errors, 0 checks and 0 warnings) and proved (0 checks)
  SPARKNaCl.Sign.Par_25519 at sparknacl-sign.adb:76 flow analyzed (0 errors, 0 checks and 0 warnings) and proved (1 checks)
  SPARKNaCl.Sign.Sanitize at sparknacl-sign.ads:32 flow analyzed (0 errors, 0 checks and 0 warnings) and proved (0 checks)
  SPARKNaCl.Sign.Sanitize at sparknacl-sign.ads:35 flow analyzed (0 errors, 0 checks and 0 warnings) and proved (0 checks)
  SPARKNaCl.Sign.Sanitize_GF_Vector_4 at sparknacl-sign.adb:56 flow analyzed (0 errors, 0 checks and 0 warnings) and proved (1 checks)
  SPARKNaCl.Sign.Scalarbase at sparknacl-sign.adb:68 flow analyzed (0 errors, 0 checks and 0 warnings) and proved (0 checks)
  SPARKNaCl.Sign.Scalarmult at sparknacl-sign.adb:64 flow analyzed (0 errors, 0 checks and 0 warnings) and proved (4 checks)
  SPARKNaCl.Sign.Scalarmult.CSwap at sparknacl-sign.adb:134 flow analyzed (0 errors, 0 checks and 0 warnings) and proved (2 checks)
  SPARKNaCl.Sign.Serialize at sparknacl-sign.ads:26 flow analyzed (0 errors, 0 checks and 0 warnings) and proved (0 checks)
  SPARKNaCl.Sign.Serialize at sparknacl-sign.ads:29 flow analyzed (0 errors, 0 checks and 0 warnings) and proved (0 checks)
  SPARKNaCl.Sign.Sign at sparknacl-sign.ads:52 flow analyzed (0 errors, 0 checks and 0 warnings) and not proved, 44 checks out of 45 proved
   suppressed messages:
    sparknacl-sign.adb:976:7: 
    sparknacl-sign.adb:977:7: 
    sparknacl-sign.adb:978:7: 
    sparknacl-sign.adb:979:7: 
  SPARKNaCl.Sign.Signing_PK at sparknacl-sign.ads:6 flow analyzed (0 errors, 0 checks and 0 warnings) and proved (0 checks)
  SPARKNaCl.Sign.Signing_SK at sparknacl-sign.ads:7 flow analyzed (0 errors, 0 checks and 0 warnings) and proved (0 checks)
  SPARKNaCl.Sign.Unpackneg at sparknacl-sign.adb:84 flow analyzed (0 errors, 0 checks and 0 warnings) and proved (1 checks)
  SPARKNaCl.Sign.Unpackneg.Oeq at sparknacl-sign.adb:696 flow analyzed (0 errors, 0 checks and 0 warnings) and proved (1 checks)
  SPARKNaCl.Sign.Unpackneg.Pow_2523 at sparknacl-sign.adb:699 flow analyzed (0 errors, 0 checks and 0 warnings) and proved (0 checks)
in unit sparknacl-stream, 6 subprograms and packages out of 6 analyzed
  SPARKNaCl.Stream at sparknacl-stream.ads:2 flow analyzed (0 errors, 0 checks and 0 warnings) and proved (0 checks)
  SPARKNaCl.Stream.HSalsa20 at sparknacl-stream.ads:14 flow analyzed (0 errors, 0 checks and 0 warnings) and proved (3 checks)
   suppressed messages:
    sparknacl-stream.adb:158:7: 
  SPARKNaCl.Stream.HSalsa20_Xor at sparknacl-stream.ads:21 flow analyzed (0 errors, 0 checks and 0 warnings) and proved (3 checks)
   suppressed messages:
    sparknacl-stream.adb:176:7: 
  SPARKNaCl.Stream.Salsa20 at sparknacl-stream.ads:32 flow analyzed (0 errors, 0 checks and 0 warnings) and proved (1 checks)
  SPARKNaCl.Stream.Salsa20_Xor at sparknacl-stream.ads:38 flow analyzed (0 errors, 0 checks and 0 warnings) and proved (1 checks)
  SPARKNaCl.Stream.Salsa20_Xor_Local at sparknacl-stream.adb:8 flow analyzed (0 errors, 0 checks and 0 warnings) and proved (34 checks)
   suppressed messages:
    sparknacl-stream.adb:121:7: 
    sparknacl-stream.adb:122:7: 
in unit sparknacl-utils, 9 subprograms and packages out of 9 analyzed
  SPARKNaCl.Utils at sparknacl-utils.ads:1 flow analyzed (0 errors, 0 checks and 0 warnings) and proved (0 checks)
  SPARKNaCl.Utils.CSwap at sparknacl-utils.ads:19 flow analyzed (0 errors, 0 checks and 0 warnings) and proved (19 checks)
   suppressed messages:
    sparknacl-utils.adb:66:7: 
    sparknacl-utils.adb:67:7: 
  SPARKNaCl.Utils.Inv_25519 at sparknacl-utils.ads:36 flow analyzed (0 errors, 0 checks and 0 warnings) and proved (0 checks)
  SPARKNaCl.Utils.Pack_25519 at sparknacl-utils.ads:33 flow analyzed (0 errors, 0 checks and 0 warnings) and proved (8 checks)
   suppressed messages:
    sparknacl-utils.adb:190:7: 
    sparknacl-utils.adb:191:7: 
    sparknacl-utils.adb:192:7: 
    sparknacl-utils.adb:193:7: 
  SPARKNaCl.Utils.Pack_25519.Subtract_P at sparknacl-utils.adb:86 flow analyzed (0 errors, 0 checks and 0 warnings) and proved (13 checks)
   suppressed messages:
    sparknacl-utils.adb:140:10: 
  SPARKNaCl.Utils.Pack_25519.Temp_GFPredicate at sparknacl-utils.adb:77 flow analyzed (0 errors, 0 checks and 0 warnings) and proved (0 checks)
  SPARKNaCl.Utils.Pack_25519.To_Bytes_32 at sparknacl-utils.adb:94 flow analyzed (0 errors, 0 checks and 0 warnings) and proved (4 checks)
  SPARKNaCl.Utils.Random_Bytes_32 at sparknacl-utils.ads:42 flow analyzed (0 errors, 0 checks and 0 warnings) and proved (0 checks)
  SPARKNaCl.Utils.Unpack_25519 at sparknacl-utils.ads:39 flow analyzed (0 errors, 0 checks and 0 warnings) and proved (12 checks)
